
> perola-web@0.1.0 build
> next build

node.exe : [baseline-b
rowser-mapping] The 
data in this module 
is over two months 
old.  To ensure 
accurate Baseline 
data, please update: 
`npm i baseline-browse
r-mapping@latest -D`
At C:\Program Files\no
dejs\npm.ps1:29 char:3
+   & $NODE_EXE 
$NPM_CLI_JS $args
+   ~~~~~~~~~~~~~~~~~~
~~~~~~~~~~~
    + CategoryInfo    
          : NotSpeci  
  fied: ([baseline-   
 brows...ping@late    
st -D`:String) []    
, RemoteException
    + FullyQualifiedE 
   rrorId : NativeCo  
  mmandError
 
 ⚠ Warning: Next.js 
inferred your 
workspace root, but 
it may not be correct.
 We detected multiple 
lockfiles and 
selected the 
directory of 
C:\Users\Maxi 
G\package-lock.json 
as the root directory.
 To silence this 
warning, set 
`turbopack.root` in 
your Next.js config, 
or consider removing 
one of the lockfiles 
if it's not needed.
   See https://nextjs.
org/docs/app/api-refer
ence/config/next-confi
g-js/turbopack#root-di
rectory for more 
information.
 Detected additional 
lockfiles: 
   * C:\Users\Maxi G\D
ocuments\GitHub\Perola
DoVouga\package-lock.j
son

   ▲ Next.js 16.0.3 (Turbopack)
   - Environments: .env.local, .env

 ⚠ The "middleware" 
file convention is 
deprecated. Please 
use "proxy" instead. 
Learn more: https://ne
xtjs.org/docs/messages
/middleware-to-proxy
   Creating an optimized production build ...
[baseline-browser-mapp
ing] The data in this 
module is over two 
months old.  To 
ensure accurate 
Baseline data, please 
update: `npm i baselin
e-browser-mapping@late
st -D`
 ✓ Compiled successfully in 12.2s
   Running TypeScript ...
Failed to compile.

./src/app/[locale]/adm
in/(dashboard)/expense
s/page.tsx:32:75
Type error: Property 
'amount' does not 
exist on type 'never'.

[0m [90m 30 |[39m  
       [33m.[39morde
r([32m'expense_date'
[39m[33m,[39m { 
ascending[33m:[39m 
[36mfalse[39m })
 [90m 31 |[39m
[31m[1m>[22m[39m[
90m 32 |[39m     
[36mconst[39m 
totalExpenses 
[33m=[39m expenses[
33m?[39m[33m.[39mre
duce((sum[33m,[39m 
exp) [33m=>[39m sum 
[33m+[39m [33mNumbe
r[39m(exp[33m.[39ma
mount)[33m,[39m 
[35m0[39m) 
[33m||[39m 
[35m0[39m
 [90m    |[39m      
                      
                      
                      
   
[31m[1m^[22m[39m
 [90m 33 |[39m
 [90m 34 |[39m     
[36mreturn[39m (
 [90m 35 |[39m      
   [33m<[39m[33mdiv
[39m className[33m=
[39m[32m"space-y-6 pb
-20"[39m[33m>[39m[
0m
Next.js build worker 
exited with code: 1 
and signal: null
